// Jest Snapshot v1, https://goo.gl/fbAQLP

exports[`sequelizr should show help --help 1`] = `
"sequelizr <cmd> [opts]

Commands:
  sequelizr check [opts]     Check if models match the database tables.
  sequelizr download [opts]  Save tables to models.
  sequelizr upload [opts]    Create tables from models.

Global Options:
  -h, --help     Show help  [boolean]
  -v, --version  Show version number  [boolean]

Examples:
  sequelizr <cmd> --help  Show args for a command.
"
`;

exports[`sequelizr should show help -h 1`] = `
"sequelizr <cmd> [opts]

Commands:
  sequelizr check [opts]     Check if models match the database tables.
  sequelizr download [opts]  Save tables to models.
  sequelizr upload [opts]    Create tables from models.

Global Options:
  -h, --help     Show help  [boolean]
  -v, --version  Show version number  [boolean]

Examples:
  sequelizr <cmd> --help  Show args for a command.
"
`;
